// Jest Snapshot v1, https://goo.gl/fbAQLP

exports[`<ShippingForm /> Should render correctly 1`] = `ShallowWrapper {}`;
